Archive member included to satisfy reference by file (symbol)

c:/coocox/gnu/5.4 2016q3/bin/../lib/gcc/arm-none-eabi/5.4.1/armv7-m\libgcc.a(_arm_addsubdf3.o)
                              ..\obj\ADC_INTERNAL_TEMP.o (__aeabi_dsub)
c:/coocox/gnu/5.4 2016q3/bin/../lib/gcc/arm-none-eabi/5.4.1/armv7-m\libgcc.a(_arm_muldivdf3.o)
                              ..\obj\ADC_INTERNAL_TEMP.o (__aeabi_dmul)
c:/coocox/gnu/5.4 2016q3/bin/../lib/gcc/arm-none-eabi/5.4.1/armv7-m\libgcc.a(_arm_truncdfsf2.o)
                              ..\obj\ADC_INTERNAL_TEMP.o (__aeabi_d2f)
c:/coocox/gnu/5.4 2016q3/bin/../lib/gcc/arm-none-eabi/5.4.1/../../../../arm-none-eabi/lib/armv7-m\libg.a(lib_a-memcpy.o)
                              ..\obj\queue.o (memcpy)
c:/coocox/gnu/5.4 2016q3/bin/../lib/gcc/arm-none-eabi/5.4.1/../../../../arm-none-eabi/lib/armv7-m\libg.a(lib_a-memset.o)
                              ..\obj\tasks.o (memset)
c:/coocox/gnu/5.4 2016q3/bin/../lib/gcc/arm-none-eabi/5.4.1/../../../../arm-none-eabi/lib/armv7-m\libg.a(lib_a-strlen-stub.o)
                              ..\obj\SEGGER_RTT.o (strlen)
c:/coocox/gnu/5.4 2016q3/bin/../lib/gcc/arm-none-eabi/5.4.1/../../../../arm-none-eabi/lib/armv7-m\libg.a(lib_a-vsnprintf.o)
                              ..\obj\trcStreamingRecorder.o (vsnprintf)
c:/coocox/gnu/5.4 2016q3/bin/../lib/gcc/arm-none-eabi/5.4.1/../../../../arm-none-eabi/lib/armv7-m\libg.a(lib_a-impure.o)
                              c:/coocox/gnu/5.4 2016q3/bin/../lib/gcc/arm-none-eabi/5.4.1/../../../../arm-none-eabi/lib/armv7-m\libg.a(lib_a-vsnprintf.o) (_impure_ptr)
c:/coocox/gnu/5.4 2016q3/bin/../lib/gcc/arm-none-eabi/5.4.1/../../../../arm-none-eabi/lib/armv7-m\libg.a(lib_a-svfprintf.o)
                              c:/coocox/gnu/5.4 2016q3/bin/../lib/gcc/arm-none-eabi/5.4.1/../../../../arm-none-eabi/lib/armv7-m\libg.a(lib_a-vsnprintf.o) (_svfprintf_r)
c:/coocox/gnu/5.4 2016q3/bin/../lib/gcc/arm-none-eabi/5.4.1/../../../../arm-none-eabi/lib/armv7-m\libg.a(lib_a-dtoa.o)
                              c:/coocox/gnu/5.4 2016q3/bin/../lib/gcc/arm-none-eabi/5.4.1/../../../../arm-none-eabi/lib/armv7-m\libg.a(lib_a-svfprintf.o) (_dtoa_r)
c:/coocox/gnu/5.4 2016q3/bin/../lib/gcc/arm-none-eabi/5.4.1/../../../../arm-none-eabi/lib/armv7-m\libg.a(lib_a-localeconv.o)
                              c:/coocox/gnu/5.4 2016q3/bin/../lib/gcc/arm-none-eabi/5.4.1/../../../../arm-none-eabi/lib/armv7-m\libg.a(lib_a-svfprintf.o) (_localeconv_r)
c:/coocox/gnu/5.4 2016q3/bin/../lib/gcc/arm-none-eabi/5.4.1/../../../../arm-none-eabi/lib/armv7-m\libg.a(lib_a-mallocr.o)
                              c:/coocox/gnu/5.4 2016q3/bin/../lib/gcc/arm-none-eabi/5.4.1/../../../../arm-none-eabi/lib/armv7-m\libg.a(lib_a-svfprintf.o) (_malloc_r)
c:/coocox/gnu/5.4 2016q3/bin/../lib/gcc/arm-none-eabi/5.4.1/../../../../arm-none-eabi/lib/armv7-m\libg.a(lib_a-memchr-stub.o)
                              c:/coocox/gnu/5.4 2016q3/bin/../lib/gcc/arm-none-eabi/5.4.1/../../../../arm-none-eabi/lib/armv7-m\libg.a(lib_a-svfprintf.o) (memchr)
c:/coocox/gnu/5.4 2016q3/bin/../lib/gcc/arm-none-eabi/5.4.1/../../../../arm-none-eabi/lib/armv7-m\libg.a(lib_a-mlock.o)
                              c:/coocox/gnu/5.4 2016q3/bin/../lib/gcc/arm-none-eabi/5.4.1/../../../../arm-none-eabi/lib/armv7-m\libg.a(lib_a-mallocr.o) (__malloc_lock)
c:/coocox/gnu/5.4 2016q3/bin/../lib/gcc/arm-none-eabi/5.4.1/../../../../arm-none-eabi/lib/armv7-m\libg.a(lib_a-mprec.o)
                              c:/coocox/gnu/5.4 2016q3/bin/../lib/gcc/arm-none-eabi/5.4.1/../../../../arm-none-eabi/lib/armv7-m\libg.a(lib_a-dtoa.o) (_Balloc)
c:/coocox/gnu/5.4 2016q3/bin/../lib/gcc/arm-none-eabi/5.4.1/../../../../arm-none-eabi/lib/armv7-m\libg.a(lib_a-sbrkr.o)
                              c:/coocox/gnu/5.4 2016q3/bin/../lib/gcc/arm-none-eabi/5.4.1/../../../../arm-none-eabi/lib/armv7-m\libg.a(lib_a-mallocr.o) (_sbrk_r)
c:/coocox/gnu/5.4 2016q3/bin/../lib/gcc/arm-none-eabi/5.4.1/../../../../arm-none-eabi/lib/armv7-m\libg.a(lib_a-svfiprintf.o)
                              c:/coocox/gnu/5.4 2016q3/bin/../lib/gcc/arm-none-eabi/5.4.1/../../../../arm-none-eabi/lib/armv7-m\libg.a(lib_a-svfprintf.o) (__ssprint_r)
c:/coocox/gnu/5.4 2016q3/bin/../lib/gcc/arm-none-eabi/5.4.1/../../../../arm-none-eabi/lib/armv7-m\libg.a(lib_a-callocr.o)
                              c:/coocox/gnu/5.4 2016q3/bin/../lib/gcc/arm-none-eabi/5.4.1/../../../../arm-none-eabi/lib/armv7-m\libg.a(lib_a-mprec.o) (_calloc_r)
c:/coocox/gnu/5.4 2016q3/bin/../lib/gcc/arm-none-eabi/5.4.1/../../../../arm-none-eabi/lib/armv7-m\libg.a(lib_a-freer.o)
                              c:/coocox/gnu/5.4 2016q3/bin/../lib/gcc/arm-none-eabi/5.4.1/../../../../arm-none-eabi/lib/armv7-m\libg.a(lib_a-mallocr.o) (_free_r)
c:/coocox/gnu/5.4 2016q3/bin/../lib/gcc/arm-none-eabi/5.4.1/../../../../arm-none-eabi/lib/armv7-m\libg.a(lib_a-locale.o)
[...]
Memory Configuration

Name             Origin             Length             Attributes
rom              0x08000000         0x00010000         xr
ram              0x20000000         0x00005000         xrw
*default*        0x00000000         0xffffffff

Linker script and memory map

                0x20005000                _eram = 0x20005000

.text           0x08000000     0x4b93
 *(.isr_vector)
 .isr_vector    0x08000000      0x10c ..\obj\startup_stm32f10x_md.o
                0x08000000                g_pfnVectors
 *(.text*)
 .text.I2C1_EV_IRQHandler
                0x0800010c      0x168 ..\obj\i2c.o
                0x0800010c                I2C1_EV_IRQHandler
 .text.I2C1_ER_IRQHandler
                0x08000274       0x10 ..\obj\i2c.o
                0x08000274                I2C1_ER_IRQHandler
 .text.SystemInit
                0x08000284       0x68 ..\obj\system_stm32f10x.o
                0x08000284                SystemInit
 .text.SetSysClock
                0x080002ec        0xc ..\obj\system_stm32f10x.o
 .text.SetSysClockTo72
                0x080002f8      0x100 ..\obj\system_stm32f10x.o
 .text.Default_Reset_Handler
                0x080003f8       0x60 ..\obj\startup_stm32f10x_md.o
                0x080003f8                Default_Reset_Handler
                0x080003f8                Reset_Handler
 .text.Default_Handler
                0x08000458        0x8 ..\obj\startup_stm32f10x_md.o
                0x08000458                EXTI2_IRQHandler
                0x08000458                DebugMon_Handler
                0x08000458                TIM1_CC_IRQHandler
                0x08000458                HardFault_Handler
                0x08000458                PVD_IRQHandler
                0x08000458                NMI_Handler
                0x08000458                EXTI3_IRQHandler
                0x08000458                EXTI0_IRQHandler
                0x08000458                I2C2_EV_IRQHandler
                0x08000458                UsageFault_Handler
                0x08000458                ADC1_2_IRQHandler
                0x08000458                TAMPER_IRQHandler
                0x08000458                DMA1_Channel4_IRQHandler
                0x08000458                USART3_IRQHandler
                0x08000458                RTC_IRQHandler
                0x08000458                DMA1_Channel7_IRQHandler
                0x08000458                CAN1_RX1_IRQHandler
                0x08000458                TIM4_IRQHandler
                0x08000458                DMA1_Channel6_IRQHandler
                0x08000458                TIM3_IRQHandler
                0x08000458                RCC_IRQHandler
                0x08000458                TIM1_TRG_COM_IRQHandler
                0x08000458                DMA1_Channel1_IRQHandler
                0x08000458                EXTI15_10_IRQHandler
                0x08000458                EXTI9_5_IRQHandler
                0x08000458                SPI2_IRQHandler
                0x08000458                MemManage_Handler
                0x08000458                DMA1_Channel5_IRQHandler
                0x08000458                EXTI4_IRQHandler
                0x08000458                USB_LP_CAN1_RX0_IRQHandler
                0x08000458                USB_HP_CAN1_TX_IRQHandler
                0x08000458                DMA1_Channel3_IRQHandler
                0x08000458                TIM1_UP_IRQHandler
                0x08000458                WWDG_IRQHandler
                0x08000458                TIM2_IRQHandler
                0x08000458                TIM1_BRK_IRQHandler
                0x08000458                EXTI1_IRQHandler
                0x08000458                RTCAlarm_IRQHandler
                0x08000458                USART2_IRQHandler
                0x08000458                I2C2_ER_IRQHandler
                0x08000458                DMA1_Channel2_IRQHandler
                0x08000458                CAN1_SCE_IRQHandler
                0x08000458                FLASH_IRQHandler
                0x08000458                BusFault_Handler
                0x08000458                USBWakeUp_IRQHandler
 .text.vTask1   0x08000460       0x58 ..\obj\freeRTOStask.o
                0x08000460                vTask1
 .text.vTask2   0x080004b8       0x1c ..\obj\freeRTOStask.o
                0x080004b8                vTask2
 .text.vTask3   0x080004d4       0x1c ..\obj\freeRTOStask.o
                0x080004d4                vTask3
 .text.main     0x080004f0       0x68 ..\obj\main.o
                0x080004f0                main
 .text.xTimerCreateTimerTask
                0x08000558       0x48 ..\obj\timers.o
                0x08000558                xTimerCreateTimerTask
 .text.xTimerGenericCommand
                0x080005a0       0x80 ..\obj\timers.o
                0x080005a0                xTimerGenericCommand
 .text.prvProcessExpiredTimer
                0x08000620       0x64 ..\obj\timers.o
 .text.prvTimerTask
                0x08000684       0x24 ..\obj\timers.o
 .text.prvProcessTimerOrBlockTask
                0x080006a8       0x9c ..\obj\timers.o
 .text.prvGetNextExpireTime
                0x08000744       0x44 ..\obj\timers.o
 .text.prvSampleTimeNow
                0x08000788       0x40 ..\obj\timers.o
 .text.prvInsertTimerInActiveList
                0x080007c8       0x84 ..\obj\timers.o
 .text.prvProcessReceivedCommands
                0x0800084c       0xec ..\obj\timers.o
 .text.prvSwitchTimerLists
                0x08000938       0xa8 ..\obj\timers.o
 .text.prvCheckForValidListAndQueue
                0x080009e0       0x6c ..\obj\timers.o
 .text.xTaskCreate
                0x08000a4c       0x84 ..\obj\tasks.o
                0x08000a4c                xTaskCreate
 .text.prvInitialiseNewTask
                0x08000ad0      0x110 ..\obj\tasks.o
 .text.prvAddNewTaskToReadyList
                0x08000be0      0x180 ..\obj\tasks.o
 .text.vTaskDelay
                0x08000d60       0x70 ..\obj\tasks.o
                0x08000d60                vTaskDelay
 .text.vTaskStartScheduler
                0x08000dd0       0xcc ..\obj\tasks.o
                0x08000dd0                vTaskStartScheduler
 .text.vTaskSuspendAll
                0x08000e9c       0x1c ..\obj\tasks.o
                0x08000e9c                vTaskSuspendAll
 .text.xTaskResumeAll
                0x08000eb8      0x140 ..\obj\tasks.o
                0x08000eb8                xTaskResumeAll
 .text.xTaskGetTickCount
                0x08000ff8       0x1c ..\obj\tasks.o
                0x08000ff8                xTaskGetTickCount
 .text.xTaskIncrementTick
                0x08001014      0x1ac ..\obj\tasks.o
                0x08001014                xTaskIncrementTick
 .text.vTaskSwitchContext
                0x080011c0       0xe8 ..\obj\tasks.o
                0x080011c0                vTaskSwitchContext
 .text.vTaskPlaceOnEventList
                0x080012a8       0x2c ..\obj\tasks.o
                0x080012a8                vTaskPlaceOnEventList
 .text.vTaskPlaceOnEventListRestricted
                0x080012d4       0x70 ..\obj\tasks.o
                0x080012d4                vTaskPlaceOnEventListRestricted
 .text.xTaskRemoveFromEventList
                0x08001344       0xd0 ..\obj\tasks.o
                0x08001344                xTaskRemoveFromEventList
 .text.vTaskInternalSetTimeOutState
                0x08001414       0x2c ..\obj\tasks.o
                0x08001414                vTaskInternalSetTimeOutState
 .text.xTaskCheckForTimeOut
                0x08001440       0x8c ..\obj\tasks.o
                0x08001440                xTaskCheckForTimeOut
 .text.vTaskMissedYield
                0x080014cc       0x18 ..\obj\tasks.o
                0x080014cc                vTaskMissedYield
 .text.uxTaskGetTaskNumber
                0x080014e4       0x2c ..\obj\tasks.o
                0x080014e4                uxTaskGetTaskNumber
 .text.vTaskSetTaskNumber
                0x08001510       0x24 ..\obj\tasks.o
                0x08001510                vTaskSetTaskNumber
 .text.prvIdleTask
                0x08001534       0x30 ..\obj\tasks.o
 .text.prvInitialiseTaskLists
                0x08001564       0x80 ..\obj\tasks.o
 .text.prvCheckTasksWaitingTermination
                0x080015e4       0x58 ..\obj\tasks.o
 .text.prvDeleteTCB
                0x0800163c       0x20 ..\obj\tasks.o
 .text.prvResetNextTaskUnblockTime
                0x0800165c       0x40 ..\obj\tasks.o
 .text.xTaskGetCurrentTaskHandle
                0x0800169c       0x1c ..\obj\tasks.o
                0x0800169c                xTaskGetCurrentTaskHandle
 .text.xTaskGetSchedulerState
                0x080016b8       0x3c ..\obj\tasks.o
                0x080016b8                xTaskGetSchedulerState
 .text.xTaskPriorityDisinherit
                0x080016f4       0xfc ..\obj\tasks.o
                0x080016f4                xTaskPriorityDisinherit
 .text.prvAddCurrentTaskToDelayedList
                0x080017f0       0xa8 ..\obj\tasks.o
 .text.PC13_on_off
                0x08001898       0x78 ..\obj\testled.o
                0x08001898                PC13_on_off
 .text.vListInitialise
                0x08001910       0x40 ..\obj\list.o
                0x08001910                vListInitialise
 .text.vListInitialiseItem
                0x08001950       0x18 ..\obj\list.o
                0x08001950                vListInitialiseItem
 .text.vListInsertEnd
                0x08001968       0x48 ..\obj\list.o
                0x08001968                vListInsertEnd
 .text.vListInsert
                0x080019b0       0x70 ..\obj\list.o
                0x080019b0                vListInsert
 .text.uxListRemove
                0x08001a20       0x54 ..\obj\list.o
                0x08001a20                uxListRemove
 .text.xTraceRegisterString
                0x08001a74       0x3c ..\obj\trcStreamingRecorder.o
                0x08001a74                xTraceRegisterString
 .text.xTraceGetLastError
                0x08001ab0      0x228 ..\obj\trcStreamingRecorder.o
                0x08001ab0                xTraceGetLastError
 .text.prvSetRecorderEnabled
                0x08001cd8       0xb0 ..\obj\trcStreamingRecorder.o
 .text.prvTraceStoreSymbolTable
                0x08001d88       0xa8 ..\obj\trcStreamingRecorder.o
 .text.prvTraceStoreObjectDataTable
                0x08001e30       0xa4 ..\obj\trcStreamingRecorder.o
 .text.prvTraceStoreHeader
                0x08001ed4       0xb0 ..\obj\trcStreamingRecorder.o
 .text.prvTraceStoreWarnings
                0x08001f84       0x38 ..\obj\trcStreamingRecorder.o
 .text.prvTraceStoreEvent1
                0x08001fbc       0xac ..\obj\trcStreamingRecorder.o
                0x08001fbc                prvTraceStoreEvent1
 .text.prvTraceStoreEvent2
                0x08002068       0xb4 ..\obj\trcStreamingRecorder.o
                0x08002068                prvTraceStoreEvent2
 .text.prvTraceStoreEvent3
                0x0800211c       0xbc ..\obj\trcStreamingRecorder.o
                0x0800211c                prvTraceStoreEvent3
 .text.prvTraceStoreEvent
                0x080021d8       0xec ..\obj\trcStreamingRecorder.o
                0x080021d8                prvTraceStoreEvent
 .text.prvTraceStoreStringEvent
                0x080022c4       0x58 ..\obj\trcStreamingRecorder.o
                0x080022c4                prvTraceStoreStringEvent
 .text.prvTraceStoreStringEventHelper
                0x0800231c      0x1cc ..\obj\trcStreamingRecorder.o
 .text.prvTraceStoreSimpleStringEventHelper
                0x080024e8      0x1cc ..\obj\trcStreamingRecorder.o
                0x080024e8                prvTraceStoreSimpleStringEventHelper
 .text.prvTraceSaveSymbol
                0x080026b4      0x114 ..\obj\trcStreamingRecorder.o
                0x080026b4                prvTraceSaveSymbol
 .text.prvTraceSaveObjectData
                0x080027c8       0xb8 ..\obj\trcStreamingRecorder.o
                0x080027c8                prvTraceSaveObjectData
 .text.prvIsValidCommand
                0x08002880       0x80 ..\obj\trcStreamingRecorder.o
                0x08002880                prvIsValidCommand
 .text.prvProcessCommand
                0x08002900       0x28 ..\obj\trcStreamingRecorder.o
                0x08002900                prvProcessCommand
 .text.prvTraceWarning
                0x08002928       0x28 ..\obj\trcStreamingRecorder.o
                0x08002928                prvTraceWarning
 .text.prvTraceError
                0x08002950       0x44 ..\obj\trcStreamingRecorder.o
                0x08002950                prvTraceError
 .text.prvTraceInitCortexM
                0x08002994       0x64 ..\obj\trcStreamingRecorder.o
                0x08002994                prvTraceInitCortexM
 .text.prvGetTimestamp32
                0x080029f8       0x14 ..\obj\trcStreamingRecorder.o
 .text.prvTraceStoreTSConfig
                0x08002a0c       0x38 ..\obj\trcStreamingRecorder.o
 .text.xQueueGenericReset
                0x08002a44       0xb4 ..\obj\queue.o
                0x08002a44                xQueueGenericReset
 .text.xQueueGenericCreate
                0x08002af8       0xc8 ..\obj\queue.o
                0x08002af8                xQueueGenericCreate
 .text.prvInitialiseNewQueue
                0x08002bc0       0xe4 ..\obj\queue.o
 .text.xQueueGenericSend
                0x08002ca4      0x394 ..\obj\queue.o
                0x08002ca4                xQueueGenericSend
 .text.xQueueGenericSendFromISR
                0x08003038      0x168 ..\obj\queue.o
                0x08003038                xQueueGenericSendFromISR
 .text.xQueueReceive
                0x080031a0      0x364 ..\obj\queue.o
                0x080031a0                xQueueReceive
 .text.uxQueueGetQueueNumber
                0x08003504       0x18 ..\obj\queue.o
                0x08003504                uxQueueGetQueueNumber
 .text.vQueueSetQueueNumber
                0x0800351c       0x1c ..\obj\queue.o
                0x0800351c                vQueueSetQueueNumber
 .text.prvCopyDataToQueue
                0x08003538       0xd4 ..\obj\queue.o
 .text.prvCopyDataFromQueue
                0x0800360c       0x4c ..\obj\queue.o
 .text.prvUnlockQueue
                0x08003658       0xa4 ..\obj\queue.o
 .text.prvIsQueueEmpty
                0x080036fc       0x2c ..\obj\queue.o
 .text.prvIsQueueFull
                0x08003728       0x30 ..\obj\queue.o
 .text.vQueueAddToRegistry
                0x08003758       0x60 ..\obj\queue.o
                0x08003758                vQueueAddToRegistry
 .text.vQueueWaitForMessageRestricted
                0x080037b8       0x68 ..\obj\queue.o
                0x080037b8                vQueueWaitForMessageRestricted
 .text.pxPortInitialiseStack
                0x08003820       0x58 ..\obj\port.o
                0x08003820                pxPortInitialiseStack
 .text.prvTaskExitError
                0x08003878       0x30 ..\obj\port.o
 *fill*         0x080038a8        0x8 
 .text.vPortSVCHandler
                0x080038b0       0x28 ..\obj\port.o
                0x080038b0                vPortSVCHandler
 .text.prvPortStartFirstTask
                0x080038d8       0x20 ..\obj\port.o
 .text.xPortStartScheduler
                0x080038f8       0xc0 ..\obj\port.o
                0x080038f8                xPortStartScheduler
 .text.vPortEnterCritical
                0x080039b8       0x30 ..\obj\port.o
                0x080039b8                vPortEnterCritical
 .text.vPortExitCritical
                0x080039e8       0x30 ..\obj\port.o
                0x080039e8                vPortExitCritical
 *fill*         0x08003a18        0x8 
 .text.xPortPendSVHandler
                0x08003a20       0x48 ..\obj\port.o
                0x08003a20                xPortPendSVHandler
 .text.xPortSysTickHandler
                0x08003a68       0x40 ..\obj\port.o
                0x08003a68                xPortSysTickHandler
 .text.vPortSetupTimerInterrupt
                0x08003aa8       0x34 ..\obj\port.o
                0x08003aa8                vPortSetupTimerInterrupt
 .text.vPortValidateInterruptPriority
                0x08003adc       0x2c ..\obj\port.o
                0x08003adc                vPortValidateInterruptPriority
 .text.prvTraceGetQueueNumber
                0x08003b08       0x18 ..\obj\trcKernelPort.o
                0x08003b08                prvTraceGetQueueNumber
 .text.prvTraceGetTaskNumberHigh16
                0x08003b20       0x1c ..\obj\trcKernelPort.o
                0x08003b20                prvTraceGetTaskNumberHigh16
 .text.prvTraceSetTaskNumberHigh16
                0x08003b3c       0x2c ..\obj\trcKernelPort.o
                0x08003b3c                prvTraceSetTaskNumberHigh16
 .text.prvTraceGetQueueNumberHigh16
                0x08003b68       0x1c ..\obj\trcKernelPort.o
                0x08003b68                prvTraceGetQueueNumberHigh16
 .text.prvTraceSetQueueNumberHigh16
                0x08003b84       0x2c ..\obj\trcKernelPort.o
                0x08003b84                prvTraceSetQueueNumberHigh16
 .text.vTraceEnable
                0x08003bb0      0x11c ..\obj\trcKernelPort.o
                0x08003bb0                vTraceEnable
 .text.prvTraceGetCurrentTaskHandle
                0x08003ccc       0x10 ..\obj\trcKernelPort.o
                0x08003ccc                prvTraceGetCurrentTaskHandle
 .text.prvIsNewTCB
                0x08003cdc       0x2c ..\obj\trcKernelPort.o
                0x08003cdc                prvIsNewTCB
 .text.prvCheckRecorderStatus
                0x08003d08       0xb0 ..\obj\trcKernelPort.o
 .text.TzCtrl   0x08003db8       0x6c ..\obj\trcKernelPort.o
 .text.SPI1_IRQHandler
                0x08003e24       0x70 ..\obj\SPI.o
                0x08003e24                SPI1_IRQHandler
 .text.USART1_IRQHandler
                0x08003e94       0x60 ..\obj\UART.o
                0x08003e94                USART1_IRQHandler
 .text.LED_ON   0x08003ef4       0x44 ..\obj\UART.o
                0x08003ef4                LED_ON
 .text.LED_OFF  0x08003f38       0x44 ..\obj\UART.o
                0x08003f38                LED_OFF
 .text.readFromRTT
                0x08003f7c       0x54 ..\obj\trcStreamingPort.o
                0x08003f7c                readFromRTT
 .text.writeToRTT
                0x08003fd0       0x3c ..\obj\trcStreamingPort.o
                0x08003fd0                writeToRTT
 .text.pvPortMalloc
                0x0800400c       0xe0 ..\obj\heap_1.o
                0x0800400c                pvPortMalloc
 .text.vPortFree
                0x080040ec       0x14 ..\obj\heap_1.o
                0x080040ec                vPortFree
 .text._DoInit  0x08004100       0xa0 ..\obj\SEGGER_RTT.o
 .text._WriteBlocking
                0x080041a0       0xb4 ..\obj\SEGGER_RTT.o
 .text._WriteNoCheck
                0x08004254       0x80 ..\obj\SEGGER_RTT.o
 .text._GetAvailWriteSpace
                0x080042d4       0x44 ..\obj\SEGGER_RTT.o
 .text.SEGGER_RTT_ReadNoLock
                0x08004318      0x104 ..\obj\SEGGER_RTT.o
                0x08004318                SEGGER_RTT_ReadNoLock
 .text.SEGGER_RTT_Read
                0x0800441c       0x38 ..\obj\SEGGER_RTT.o
                0x0800441c                SEGGER_RTT_Read
 .text.SEGGER_RTT_WriteNoLock
                0x08004454       0x9c ..\obj\SEGGER_RTT.o
                0x08004454                SEGGER_RTT_WriteNoLock
 .text.SEGGER_RTT_Write
                0x080044f0       0x48 ..\obj\SEGGER_RTT.o
                0x080044f0                SEGGER_RTT_Write
 .text.SEGGER_RTT_ConfigUpBuffer
                0x08004538       0xd4 ..\obj\SEGGER_RTT.o
                0x08004538                SEGGER_RTT_ConfigUpBuffer
 .text.SEGGER_RTT_ConfigDownBuffer
                0x0800460c       0xd4 ..\obj\SEGGER_RTT.o
                0x0800460c                SEGGER_RTT_ConfigDownBuffer
 .text          0x080046e0       0xec c:/coocox/gnu/5.4 2016q3/bin/../lib/gcc/arm-none-eabi/5.4.1/../../../../arm-none-eabi/lib/armv7-m\libg.a(lib_a-memcpy.o)
                0x080046e0                memcpy
 .text.memset   0x080047cc       0x9c c:/coocox/gnu/5.4 2016q3/bin/../lib/gcc/arm-none-eabi/5.4.1/../../../../arm-none-eabi/lib/armv7-m\libg.a(lib_a-memset.o)
                0x080047cc                memset
 *(.init)
 *(.fini)
 *crtbegin.o(.ctors)
 *crtbegin?.o(.ctors)
 *(EXCLUDE_FILE(*crtend.o *crtend?.o) .ctors)
 *(SORT(.ctors.*))
 *(.ctors)
 *crtbegin.o(.dtors)
 *crtbegin?.o(.dtors)
 *(EXCLUDE_FILE(*crtend.o *crtend?.o) .dtors)
 *(SORT(.dtors.*))
 *(.dtors)
 *(.rodata*)
 .rodata        0x08004868       0x63 ..\obj\freeRTOStask.o
 *fill*         0x080048cb        0x1 
 .rodata        0x080048cc       0x17 ..\obj\main.o
 *fill*         0x080048e3        0x1 
 .rodata        0x080048e4        0xd ..\obj\timers.o
 *fill*         0x080048f1        0x3 
 .rodata        0x080048f4        0x5 ..\obj\tasks.o
 *fill*         0x080048f9        0x3 
 .rodata        0x080048fc      0x258 ..\obj\trcStreamingRecorder.o
 .rodata        0x08004b54       0x27 ..\obj\trcKernelPort.o
 *fill*         0x08004b7b        0x1 
 .rodata        0x08004b7c       0x17 ..\obj\SEGGER_RTT.o
 *(.eh_fram e*)

.glue_7         0x08004b94        0x0
 .glue_7        0x08004b94        0x0 linker stubs

.glue_7t        0x08004b94        0x0
 .glue_7t       0x08004b94        0x0 linker stubs

.vfp11_veneer   0x08004b94        0x0
 .vfp11_veneer  0x08004b94        0x0 linker stubs

.v4_bx          0x08004b94        0x0
 .v4_bx         0x08004b94        0x0 linker stubs

.iplt           0x08004b94        0x0
 .iplt          0x08004b94        0x0 ..\obj\i2c.o

.rel.dyn        0x08004b94        0x0
 .rel.iplt      0x08004b94        0x0 ..\obj\i2c.o

.ARM.extab
 *(.ARM.extab* .gnu.linkonce.armextab.*)
                0x08004b94                __exidx_start = .

.ARM.exidx
 *(.ARM.exidx* .gnu.linkonce.armexidx.*)
                0x08004b94                __exidx_end = .
                0x08004b94                __etext = .
                0x08004b93                _sidata = __etext

.data           0x20000000       0x34 load address 0x08004b93
                0x20000000                __data_start__ = .
                0x20000000                _sdata = __data_start__
 *(vtable)
 *(.data*)
 .data          0x20000000       0x10 ..\obj\i2c.o
                0x20000000                datatobesent
                0x20000004                STM_ADDR
                0x20000008                NOT_STM_ADDR
                0x2000000c                arduino_ADDR
 .data          0x20000010       0x20 ..\obj\trcStreamingRecorder.o
                0x2000001c                TotalBytesRemaining_LowWaterMark
                0x20000020                TotalBytesRemaining
                0x20000024                CurrentFilterMask
                0x20000026                CurrentFilterGroup
 .data          0x20000030        0x4 ..\obj\port.o
                0x20000034                . = ALIGN (0x4)
                [!provide]                PROVIDE (__preinit_array_start, .)
 *(.preinit_array)
                [!provide]                PROVIDE (__preinit_array_end, .)
                0x20000034                . = ALIGN (0x4)
                [!provide]                PROVIDE (__init_array_start, .)
 *(SORT(.init_array.*))
 *(.init_array)
                [!provide]                PROVIDE (__init_array_end, .)
                0x20000034                . = ALIGN (0x4)
                [!provide]                PROVIDE (__fini_array_start, .)
 *(SORT(.fini_array.*))
 *(.fini_array)
                [!provide]                PROVIDE (__fini_array_end, .)
 *(.jcr*)
                0x20000034                . = ALIGN (0x4)
                0x20000034                __data_end__ = .
                0x20000034                _edata = __data_end__

.igot.plt       0x20000034        0x0 load address 0x08004bc8
 .igot.plt      0x20000034        0x0 ..\obj\i2c.o

.bss            0x20000034     0x452c load address 0x08004bc8
                0x20000034                . = ALIGN (0x4)
                0x20000034                __bss_start__ = .
                0x20000034                _sbss = __bss_start__
 *(.bss*)
 .bss           0x20000034       0x14 ..\obj\i2c.o
                0x20000034                M_or_S
                0x20000038                MT_or_MR
                0x2000003c                ST_or_SR
                0x20000040                datasent
                0x20000044                dumy
 .bss           0x20000048       0x3c ..\obj\timers.o
 .bss           0x20000084      0x104 ..\obj\tasks.o
                0x20000084                pxCurrentTCB
 .bss           0x20000188      0x6a8 ..\obj\trcStreamingRecorder.o
                0x20000188                trcHeapCounter
                0x200007fc                RecorderEnabled
                0x20000804                isPendingContextSwitch
                0x20000808                uiTraceTickCount
                0x2000080c                timestampFrequency
                0x20000810                DroppedEventCounter
                0x20000814                EventBuffer
                0x20000818                NoRoomForSymbol
                0x2000081c                NoRoomForObjectData
                0x20000820                LongestSymbolName
                0x20000824                MaxBytesTruncated
                0x20000828                uiTraceTaskSwitchedIn
 .bss           0x20000830        0x8 ..\obj\port.o
 .bss           0x20000838       0x38 ..\obj\trcKernelPort.o
 .bss           0x20000870     0x2808 ..\obj\heap_1.o
 .bss           0x20003078       0x51 ..\obj\SEGGER_RTT.o
 *(COMMON)
 *fill*         0x200030c9        0x3 
 COMMON         0x200030cc       0x50 ..\obj\queue.o
                0x200030cc                xQueueRegistry
 COMMON         0x2000311c     0x138c ..\obj\trcKernelPort.o
                0x2000311c                _TzTraceData
                0x200044a4                trcWarningChannel
 COMMON         0x200044a8        0xd ..\obj\SPI.o
                0x200044a8                j
                0x200044ac                x
                0x200044b0                y
                0x200044b4                TX_G_variable
 *fill*         0x200044b5        0x3 
 COMMON         0x200044b8       0xa8 ..\obj\SEGGER_RTT.o
                0x200044b8                _SEGGER_RTT
                0x20004560                . = ALIGN (0x4)
                0x20004560                __bss_end__ = .
                0x20004560                _ebss = __bss_end__

.heap           0x20004560        0x0
                0x20004560                __end__ = .
                0x20004560                _end = __end__
                0x20004560                end = __end__
 *(.heap*)
                0x20004560                __HeapLimit = .

.co_stack       0x20004560      0x400 load address 0x080090f4
                0x20004560                . = ALIGN (0x8)
 *(.co_stack .co_stack.*)
 .co_stack      0x20004560      0x400 ..\obj\startup_stm32f10x_md.o
                0x20004560                pulStack
                0x20005000                __StackTop = (ORIGIN (ram) + LENGTH (ram))
                0x20004c00                __StackLimit = (__StackTop - SIZEOF (.co_stack))
                [!provide]                PROVIDE (__stack, __StackTop)
                0x00000001                ASSERT ((__StackLimit >= __HeapLimit), region ram  overflowed with stack)
LOAD ..\obj\i2c.o
LOAD ..\obj\system_stm32f10x.o
LOAD ..\obj\startup_stm32f10x_md.o
LOAD ..\obj\freeRTOStask.o
LOAD ..\obj\main.o
LOAD ..\obj\timers.o
LOAD ..\obj\tasks.o
LOAD ..\obj\testled.o
LOAD ..\obj\ADC_INTERNAL_TEMP.o
LOAD ..\obj\list.o
LOAD ..\obj\trcStreamingRecorder.o
LOAD ..\obj\queue.o
LOAD ..\obj\port.o
LOAD ..\obj\trcKernelPort.o
LOAD ..\obj\stream_buffer.o
LOAD ..\obj\croutine.o
LOAD ..\obj\SPI.o
LOAD ..\obj\event_groups.o
LOAD ..\obj\UART.o
LOAD ..\obj\trcSnapshotRecorder.o
LOAD ..\obj\trcStreamingPort.o
LOAD ..\obj\heap_1.o
LOAD ..\obj\SEGGER_RTT.o
START GROUP
LOAD c:/coocox/gnu/5.4 2016q3/bin/../lib/gcc/arm-none-eabi/5.4.1/armv7-m\libgcc.a
LOAD c:/coocox/gnu/5.4 2016q3/bin/../lib/gcc/arm-none-eabi/5.4.1/../../../../arm-none-eabi/lib/armv7-m\libg.a
LOAD c:/coocox/gnu/5.4 2016q3/bin/../lib/gcc/arm-none-eabi/5.4.1/../../../../arm-none-eabi/lib/armv7-m\libc.a
END GROUP
OUTPUT(NEWBIEHACKONOFF.elf elf32-littlearm)

.debug_info     0x00000000     0x8c73
 .debug_info    0x00000000      0x792 ..\obj\i2c.o
 .debug_info    0x00000792      0x49c ..\obj\system_stm32f10x.o
 .debug_info    0x00000c2e       0xee ..\obj\startup_stm32f10x_md.o
 .debug_info    0x00000d1c      0x326 ..\obj\freeRTOStask.o
 .debug_info    0x00001042       0xb9 ..\obj\main.o
 .debug_info    0x000010fb      0xa02 ..\obj\timers.o
 .debug_info    0x00001afd     0x1a34 ..\obj\tasks.o
 .debug_info    0x00003531      0x1db ..\obj\testled.o
 .debug_info    0x0000370c      0x2d6 ..\obj\list.o
 .debug_info    0x000039e2     0x1e25 ..\obj\trcStreamingRecorder.o
 .debug_info    0x00005807     0x1144 ..\obj\queue.o
 .debug_info    0x0000694b      0x3dd ..\obj\port.o
 .debug_info    0x00006d28      0x612 ..\obj\trcKernelPort.o
 .debug_info    0x0000733a      0x414 ..\obj\SPI.o
 .debug_info    0x0000774e      0x359 ..\obj\UART.o
 .debug_info    0x00007aa7      0x2bf ..\obj\trcStreamingPort.o
 .debug_info    0x00007d66      0x1d4 ..\obj\heap_1.o
 .debug_info    0x00007f3a      0xd39 ..\obj\SEGGER_RTT.o

.debug_abbrev   0x00000000     0x1a5c
 .debug_abbrev  0x00000000      0x1c0 ..\obj\i2c.o
 .debug_abbrev  0x000001c0      0x14e ..\obj\system_stm32f10x.o
 .debug_abbrev  0x0000030e       0xa7 ..\obj\startup_stm32f10x_md.o
 .debug_abbrev  0x000003b5       0xec ..\obj\freeRTOStask.o
 .debug_abbrev  0x000004a1       0x67 ..\obj\main.o
 .debug_abbrev  0x00000508      0x1f5 ..\obj\timers.o
 .debug_abbrev  0x000006fd      0x2ab ..\obj\tasks.o
 .debug_abbrev  0x000009a8       0xae ..\obj\testled.o
 .debug_abbrev  0x00000a56       0xd6 ..\obj\list.o
 .debug_abbrev  0x00000b2c      0x341 ..\obj\trcStreamingRecorder.o
 .debug_abbrev  0x00000e6d      0x270 ..\obj\queue.o
 .debug_abbrev  0x000010dd      0x1e0 ..\obj\port.o
 .debug_abbrev  0x000012bd      0x1b2 ..\obj\trcKernelPort.o
 .debug_abbrev  0x0000146f      0x134 ..\obj\SPI.o
 .debug_abbrev  0x000015a3      0x101 ..\obj\UART.o
 .debug_abbrev  0x000016a4       0xec ..\obj\trcStreamingPort.o
 .debug_abbrev  0x00001790      0x104 ..\obj\heap_1.o
 .debug_abbrev  0x00001894      0x1c8 ..\obj\SEGGER_RTT.o

.debug_aranges  0x00000000      0xa18
 .debug_aranges
                0x00000000       0x58 ..\obj\i2c.o
 .debug_aranges
                0x00000058       0x38 ..\obj\system_stm32f10x.o
 .debug_aranges
                0x00000090       0x28 ..\obj\startup_stm32f10x_md.o
 .debug_aranges
                0x000000b8       0x40 ..\obj\freeRTOStask.o
 .debug_aranges
                0x000000f8       0x20 ..\obj\main.o
 .debug_aranges
                0x00000118       0xc8 ..\obj\timers.o
 .debug_aranges
                0x000001e0      0x1f8 ..\obj\tasks.o
 .debug_aranges
                0x000003d8       0x20 ..\obj\testled.o
 .debug_aranges
                0x000003f8       0x40 ..\obj\list.o
 .debug_aranges
                0x00000438      0x190 ..\obj\trcStreamingRecorder.o
 .debug_aranges
                0x000005c8      0x120 ..\obj\queue.o
 .debug_aranges
                0x000006e8       0x78 ..\obj\port.o
 .debug_aranges
                0x00000760       0xb0 ..\obj\trcKernelPort.o
 .debug_aranges
                0x00000810       0x60 ..\obj\SPI.o
 .debug_aranges
                0x00000870       0x58 ..\obj\UART.o
 .debug_aranges
                0x000008c8       0x28 ..\obj\trcStreamingPort.o
 .debug_aranges
                0x000008f0       0x38 ..\obj\heap_1.o
 .debug_aranges
                0x00000928       0xf0 ..\obj\SEGGER_RTT.o

.debug_ranges   0x00000000      0x920
 .debug_ranges  0x00000000       0x70 ..\obj\i2c.o
 .debug_ranges  0x00000070       0x28 ..\obj\system_stm32f10x.o
 .debug_ranges  0x00000098       0x18 ..\obj\startup_stm32f10x_md.o
 .debug_ranges  0x000000b0       0x30 ..\obj\freeRTOStask.o
 .debug_ranges  0x000000e0       0x10 ..\obj\main.o
 .debug_ranges  0x000000f0       0xb8 ..\obj\timers.o
 .debug_ranges  0x000001a8      0x1e8 ..\obj\tasks.o
 .debug_ranges  0x00000390       0x10 ..\obj\testled.o
 .debug_ranges  0x000003a0       0x30 ..\obj\list.o
 .debug_ranges  0x000003d0      0x180 ..\obj\trcStreamingRecorder.o
 .debug_ranges  0x00000550      0x110 ..\obj\queue.o
 .debug_ranges  0x00000660       0x68 ..\obj\port.o
 .debug_ranges  0x000006c8       0xa0 ..\obj\trcKernelPort.o
 .debug_ranges  0x00000768       0x50 ..\obj\SPI.o
 .debug_ranges  0x000007b8       0x48 ..\obj\UART.o
 .debug_ranges  0x00000800       0x18 ..\obj\trcStreamingPort.o
 .debug_ranges  0x00000818       0x28 ..\obj\heap_1.o
 .debug_ranges  0x00000840       0xe0 ..\obj\SEGGER_RTT.o

.debug_line     0x00000000     0x48d1
 .debug_line    0x00000000      0x248 ..\obj\i2c.o
 .debug_line    0x00000248      0x1d0 ..\obj\system_stm32f10x.o
 .debug_line    0x00000418       0x98 ..\obj\startup_stm32f10x_md.o
 .debug_line    0x000004b0      0x1e1 ..\obj\freeRTOStask.o
 .debug_line    0x00000691      0x115 ..\obj\main.o
 .debug_line    0x000007a6      0x47e ..\obj\timers.o
 .debug_line    0x00000c24      0xe8a ..\obj\tasks.o
 .debug_line    0x00001aae      0x14b ..\obj\testled.o
 .debug_line    0x00001bf9      0x261 ..\obj\list.o
 .debug_line    0x00001e5a      0xb87 ..\obj\trcStreamingRecorder.o
 .debug_line    0x000029e1      0xb2c ..\obj\queue.o
 .debug_line    0x0000350d      0x2ea ..\obj\port.o
 .debug_line    0x000037f7      0x3d2 ..\obj\trcKernelPort.o
 .debug_line    0x00003bc9      0x23c ..\obj\SPI.o
 .debug_line    0x00003e05      0x226 ..\obj\UART.o
 .debug_line    0x0000402b      0x1db ..\obj\trcStreamingPort.o
 .debug_line    0x00004206      0x252 ..\obj\heap_1.o
 .debug_line    0x00004458      0x479 ..\obj\SEGGER_RTT.o

.debug_str      0x00000000     0x38b6
 .debug_str     0x00000000      0x61b ..\obj\i2c.o
                                0x684 (size before relaxing)
 .debug_str     0x0000061b      0x13d ..\obj\system_stm32f10x.o
                                0x2ed (size before relaxing)
 .debug_str     0x00000758       0xa6 ..\obj\startup_stm32f10x_md.o
                                0x13d (size before relaxing)
 .debug_str     0x000007fe       0x71 ..\obj\freeRTOStask.o
                                0x208 (size before relaxing)
 .debug_str     0x0000086f       0x27 ..\obj\main.o
                                0x160 (size before relaxing)
 .debug_str     0x00000896      0x58d ..\obj\timers.o
                                0x751 (size before relaxing)
 .debug_str     0x00000e23      0xdef ..\obj\tasks.o
                               0x10cb (size before relaxing)
 .debug_str     0x00001c12       0x25 ..\obj\testled.o
                                0x1c3 (size before relaxing)
 .debug_str     0x00001c37       0xd6 ..\obj\list.o
                                0x2d5 (size before relaxing)
 .debug_str     0x00001d0d      0xa3b ..\obj\trcStreamingRecorder.o
                                0xc63 (size before relaxing)
 .debug_str     0x00002748      0x55d ..\obj\queue.o
                                0x924 (size before relaxing)
 .debug_str     0x00002ca5      0x223 ..\obj\port.o
                                0x40c (size before relaxing)
 .debug_str     0x00002ec8      0x29f ..\obj\trcKernelPort.o
                                0x53c (size before relaxing)
 .debug_str     0x00003167       0xf5 ..\obj\SPI.o
                                0x2fa (size before relaxing)
 .debug_str     0x0000325c       0xb5 ..\obj\UART.o
                                0x2a6 (size before relaxing)
 .debug_str     0x00003311      0x158 ..\obj\trcStreamingPort.o
                                0x2ad (size before relaxing)
 .debug_str     0x00003469       0xce ..\obj\heap_1.o
                                0x272 (size before relaxing)
 .debug_str     0x00003537      0x37f ..\obj\SEGGER_RTT.o
                                0x54b (size before relaxing)

.comment        0x00000000       0x6e
 .comment       0x00000000       0x6e ..\obj\i2c.o
                                 0x6f (size before relaxing)
 .comment       0x0000006e       0x6f ..\obj\system_stm32f10x.o
 .comment       0x0000006e       0x6f ..\obj\startup_stm32f10x_md.o
 .comment       0x0000006e       0x6f ..\obj\freeRTOStask.o
 .comment       0x0000006e       0x6f ..\obj\main.o
 .comment       0x0000006e       0x6f ..\obj\timers.o
 .comment       0x0000006e       0x6f ..\obj\tasks.o
 .comment       0x0000006e       0x6f ..\obj\testled.o
 .comment       0x0000006e       0x6f ..\obj\list.o
 .comment       0x0000006e       0x6f ..\obj\trcStreamingRecorder.o
 .comment       0x0000006e       0x6f ..\obj\queue.o
 .comment       0x0000006e       0x6f ..\obj\port.o
 .comment       0x0000006e       0x6f ..\obj\trcKernelPort.o
 .comment       0x0000006e       0x6f ..\obj\SPI.o
 .comment       0x0000006e       0x6f ..\obj\UART.o
 .comment       0x0000006e       0x6f ..\obj\trcStreamingPort.o
 .comment       0x0000006e       0x6f ..\obj\heap_1.o
 .comment       0x0000006e       0x6f ..\obj\SEGGER_RTT.o

.ARM.attributes
                0x00000000       0x31
 .ARM.attributes
                0x00000000       0x33 ..\obj\i2c.o
 .ARM.attributes
                0x00000033       0x33 ..\obj\system_stm32f10x.o
 .ARM.attributes
                0x00000066       0x33 ..\obj\startup_stm32f10x_md.o
 .ARM.attributes
                0x00000099       0x33 ..\obj\freeRTOStask.o
 .ARM.attributes
                0x000000cc       0x33 ..\obj\main.o
 .ARM.attributes
                0x000000ff       0x33 ..\obj\timers.o
 .ARM.attributes
                0x00000132       0x33 ..\obj\tasks.o
 .ARM.attributes
                0x00000165       0x33 ..\obj\testled.o
 .ARM.attributes
                0x00000198       0x33 ..\obj\list.o
 .ARM.attributes
                0x000001cb       0x33 ..\obj\trcStreamingRecorder.o
 .ARM.attributes
                0x000001fe       0x33 ..\obj\queue.o
 .ARM.attributes
                0x00000231       0x33 ..\obj\port.o
 .ARM.attributes
                0x00000264       0x33 ..\obj\trcKernelPort.o
 .ARM.attributes
                0x00000297       0x33 ..\obj\SPI.o
 .ARM.attributes
                0x000002ca       0x33 ..\obj\UART.o
 .ARM.attributes
                0x000002fd       0x33 ..\obj\trcStreamingPort.o
 .ARM.attributes
                0x00000330       0x33 ..\obj\heap_1.o
 .ARM.attributes
                0x00000363       0x33 ..\obj\SEGGER_RTT.o
 .ARM.attributes
                0x00000396       0x1b c:/coocox/gnu/5.4 2016q3/bin/../lib/gcc/arm-none-eabi/5.4.1/../../../../arm-none-eabi/lib/armv7-m\libg.a(lib_a-memcpy.o)
 .ARM.attributes
                0x000003b1       0x2d c:/coocox/gnu/5.4 2016q3/bin/../lib/gcc/arm-none-eabi/5.4.1/../../../../arm-none-eabi/lib/armv7-m\libg.a(lib_a-memset.o)

.debug_frame    0x00000000     0x2754
 .debug_frame   0x00000000      0x114 ..\obj\i2c.o
 .debug_frame   0x00000114       0x98 ..\obj\system_stm32f10x.o
 .debug_frame   0x000001ac       0x4c ..\obj\startup_stm32f10x_md.o
 .debug_frame   0x000001f8       0x9c ..\obj\freeRTOStask.o
 .debug_frame   0x00000294       0x30 ..\obj\main.o
 .debug_frame   0x000002c4      0x338 ..\obj\timers.o
 .debug_frame   0x000005fc      0x8a4 ..\obj\tasks.o
 .debug_frame   0x00000ea0       0x38 ..\obj\testled.o
 .debug_frame   0x00000ed8       0xd8 ..\obj\list.o
 .debug_frame   0x00000fb0      0x714 ..\obj\trcStreamingRecorder.o
 .debug_frame   0x000016c4      0x4ec ..\obj\queue.o
 .debug_frame   0x00001bb0      0x190 ..\obj\port.o
 .debug_frame   0x00001d40      0x2a8 ..\obj\trcKernelPort.o
 .debug_frame   0x00001fe8      0x148 ..\obj\SPI.o
 .debug_frame   0x00002130      0x11c ..\obj\UART.o
 .debug_frame   0x0000224c       0x58 ..\obj\trcStreamingPort.o
 .debug_frame   0x000022a4       0x9c ..\obj\heap_1.o
 .debug_frame   0x00002340      0x3e0 ..\obj\SEGGER_RTT.o
 .debug_frame   0x00002720       0x34 c:/coocox/gnu/5.4 2016q3/bin/../lib/gcc/arm-none-eabi/5.4.1/../../../../arm-none-eabi/lib/armv7-m\libg.a(lib_a-memset.o)
